  Ôû▓ Next.js 14.2.18
  - Environments: .env.local

   Creating an optimized production build ...
 Ô£ô Compiled successfully
   Linting and checking validity of types ...

./src/app/admin/visitas/page.tsx
97:6  Warning: React Hook useEffect has a missing dependency: 'processStats'. Either include it or remove the dependency array.  react-hooks/exhaustive-deps

./src/app/hi-lo/page.tsx
317:6  Warning: React Hook useEffect has a missing dependency: 'lastResult'. Either include it or remove the dependency array.  react-hooks/exhaustive-deps

info  - Need to disable some ESLint rules? Learn more here: https://nextjs.org/docs/basic-features/eslint#disabling-rules
   Collecting page data ...
bigint: Failed to load bindings, pure JS will be used (try npm run rebuild?)
bigint: Failed to load bindings, pure JS will be used (try npm run rebuild?)
bigint: Failed to load bindings, pure JS will be used (try npm run rebuild?)
bigint: Failed to load bindings, pure JS will be used (try npm run rebuild?)
bigint: Failed to load bindings, pure JS will be used (try npm run rebuild?)
bigint: Failed to load bindings, pure JS will be used (try npm run rebuild?)
bigint: Failed to load bindings, pure JS will be used (try npm run rebuild?)
bigint: Failed to load bindings, pure JS will be used (try npm run rebuild?)
bigint: Failed to load bindings, pure JS will be used (try npm run rebuild?)
bigint: Failed to load bindings, pure JS will be used (try npm run rebuild?)
bigint: Failed to load bindings, pure JS will be used (try npm run rebuild?)
   Generating static pages (0/93) ...
[getAdminUser] Error: n [Error]: Dynamic server usage: Route /api/admin/withdrawals couldn't be rendered statically because it used `headers`. See more info here: https://nextjs.org/docs/messages/dynamic-server-error
    at l (E:\2026 Desarrollo Web\freeboli\.next\server\chunks\2485.js:1:37155)
    at c (E:\2026 Desarrollo Web\freeboli\.next\server\chunks\1867.js:1:3920)
    at s (E:\2026 Desarrollo Web\freeboli\.next\server\chunks\448.js:25:20869)
    at u (E:\2026 Desarrollo Web\freeboli\.next\server\app\api\admin\site-settings\route.js:1:6115)
    at d (E:\2026 Desarrollo Web\freeboli\.next\server\app\api\admin\withdrawals\route.js:1:1231)
    at E:\2026 Desarrollo Web\freeboli\node_modules\.pnpm\next@14.2.18_@babel+core@7._932bbc8ded08490249ce632c7d4f9f40\node_modules\next\dist\compiled\next-server\app-route.runtime.prod.js:6:37016
    at E:\2026 Desarrollo Web\freeboli\node_modules\.pnpm\next@14.2.18_@babel+core@7._932bbc8ded08490249ce632c7d4f9f40\node_modules\next\dist\server\lib\trace\tracer.js:140:36
    at NoopContextManager.with (E:\2026 Desarrollo Web\freeboli\node_modules\.pnpm\next@14.2.18_@babel+core@7._932bbc8ded08490249ce632c7d4f9f40\node_modules\next\dist\compiled\@opentelemetry\api\index.js:1:7062)
    at ContextAPI.with (E:\2026 Desarrollo Web\freeboli\node_modules\.pnpm\next@14.2.18_@babel+core@7._932bbc8ded08490249ce632c7d4f9f40\node_modules\next\dist\compiled\@opentelemetry\api\index.js:1:518)
    at NoopTracer.startActiveSpan (E:\2026 Desarrollo Web\freeboli\node_modules\.pnpm\next@14.2.18_@babel+core@7._932bbc8ded08490249ce632c7d4f9f40\node_modules\next\dist\compiled\@opentelemetry\api\index.js:1:18093) {
  description: "Route /api/admin/withdrawals couldn't be rendered statically because it used `headers`. See more info here: https://nextjs.org/docs/messages/dynamic-server-error",
  digest: 'DYNAMIC_SERVER_USAGE'
}
[getAdminUser] Error: n [Error]: Dynamic server usage: Route /api/admin/user-movements couldn't be rendered statically because it used `headers`. See more info here: https://nextjs.org/docs/messages/dynamic-server-error
    at l (E:\2026 Desarrollo Web\freeboli\.next\server\chunks\2485.js:1:37155)
    at c (E:\2026 Desarrollo Web\freeboli\.next\server\chunks\1867.js:1:3920)
    at s (E:\2026 Desarrollo Web\freeboli\.next\server\chunks\448.js:25:20869)
    at u (E:\2026 Desarrollo Web\freeboli\.next\server\app\api\admin\bot\settings\route.js:1:5575)
    at d (E:\2026 Desarrollo Web\freeboli\.next\server\app\api\admin\user-movements\route.js:1:1232)
    at E:\2026 Desarrollo Web\freeboli\node_modules\.pnpm\next@14.2.18_@babel+core@7._932bbc8ded08490249ce632c7d4f9f40\node_modules\next\dist\compiled\next-server\app-route.runtime.prod.js:6:37016
    at E:\2026 Desarrollo Web\freeboli\node_modules\.pnpm\next@14.2.18_@babel+core@7._932bbc8ded08490249ce632c7d4f9f40\node_modules\next\dist\server\lib\trace\tracer.js:140:36
    at NoopContextManager.with (E:\2026 Desarrollo Web\freeboli\node_modules\.pnpm\next@14.2.18_@babel+core@7._932bbc8ded08490249ce632c7d4f9f40\node_modules\next\dist\compiled\@opentelemetry\api\index.js:1:7062)
    at ContextAPI.with (E:\2026 Desarrollo Web\freeboli\node_modules\.pnpm\next@14.2.18_@babel+core@7._932bbc8ded08490249ce632c7d4f9f40\node_modules\next\dist\compiled\@opentelemetry\api\index.js:1:518)
    at NoopTracer.startActiveSpan (E:\2026 Desarrollo Web\freeboli\node_modules\.pnpm\next@14.2.18_@babel+core@7._932bbc8ded08490249ce632c7d4f9f40\node_modules\next\dist\compiled\@opentelemetry\api\index.js:1:18093) {
  description: "Route /api/admin/user-movements couldn't be rendered statically because it used `headers`. See more info here: https://nextjs.org/docs/messages/dynamic-server-error",
  digest: 'DYNAMIC_SERVER_USAGE'
}
[getAdminUser] Error: n [Error]: Dynamic server usage: Route /api/admin/export-db couldn't be rendered statically because it used `headers`. See more info here: https://nextjs.org/docs/messages/dynamic-server-error
    at l (E:\2026 Desarrollo Web\freeboli\.next\server\chunks\2485.js:1:37155)
    at c (E:\2026 Desarrollo Web\freeboli\.next\server\chunks\1867.js:1:3920)
    at s (E:\2026 Desarrollo Web\freeboli\.next\server\chunks\448.js:25:20869)
    at u (E:\2026 Desarrollo Web\freeboli\.next\server\app\api\admin\db-maintenance\route.js:1:7765)
    at p (E:\2026 Desarrollo Web\freeboli\.next\server\app\api\admin\export-db\route.js:1:1317)
    at E:\2026 Desarrollo Web\freeboli\node_modules\.pnpm\next@14.2.18_@babel+core@7._932bbc8ded08490249ce632c7d4f9f40\node_modules\next\dist\compiled\next-server\app-route.runtime.prod.js:6:37016
    at E:\2026 Desarrollo Web\freeboli\node_modules\.pnpm\next@14.2.18_@babel+core@7._932bbc8ded08490249ce632c7d4f9f40\node_modules\next\dist\server\lib\trace\tracer.js:140:36
    at NoopContextManager.with (E:\2026 Desarrollo Web\freeboli\node_modules\.pnpm\next@14.2.18_@babel+core@7._932bbc8ded08490249ce632c7d4f9f40\node_modules\next\dist\compiled\@opentelemetry\api\index.js:1:7062)
    at ContextAPI.with (E:\2026 Desarrollo Web\freeboli\node_modules\.pnpm\next@14.2.18_@babel+core@7._932bbc8ded08490249ce632c7d4f9f40\node_modules\next\dist\compiled\@opentelemetry\api\index.js:1:518)
    at NoopTracer.startActiveSpan (E:\2026 Desarrollo Web\freeboli\node_modules\.pnpm\next@14.2.18_@babel+core@7._932bbc8ded08490249ce632c7d4f9f40\node_modules\next\dist\compiled\@opentelemetry\api\index.js:1:18093) {
  description: "Route /api/admin/export-db couldn't be rendered statically because it used `headers`. See more info here: https://nextjs.org/docs/messages/dynamic-server-error",
  digest: 'DYNAMIC_SERVER_USAGE'
}
   Generating static pages (23/93) 
[getAdminUser] Error: n [Error]: Dynamic server usage: Route /api/admin/prize-awards couldn't be rendered statically because it used `headers`. See more info here: https://nextjs.org/docs/messages/dynamic-server-error
    at l (E:\2026 Desarrollo Web\freeboli\.next\server\chunks\2485.js:1:37155)
    at c (E:\2026 Desarrollo Web\freeboli\.next\server\chunks\1867.js:1:3920)
    at s (E:\2026 Desarrollo Web\freeboli\.next\server\chunks\448.js:25:20869)
    at u (E:\2026 Desarrollo Web\freeboli\.next\server\app\api\analytics\track\route.js:1:5986)
    at u (E:\2026 Desarrollo Web\freeboli\.next\server\app\api\admin\prize-awards\route.js:1:1231)
    at E:\2026 Desarrollo Web\freeboli\node_modules\.pnpm\next@14.2.18_@babel+core@7._932bbc8ded08490249ce632c7d4f9f40\node_modules\next\dist\compiled\next-server\app-route.runtime.prod.js:6:37016
    at E:\2026 Desarrollo Web\freeboli\node_modules\.pnpm\next@14.2.18_@babel+core@7._932bbc8ded08490249ce632c7d4f9f40\node_modules\next\dist\server\lib\trace\tracer.js:140:36
    at NoopContextManager.with (E:\2026 Desarrollo Web\freeboli\node_modules\.pnpm\next@14.2.18_@babel+core@7._932bbc8ded08490249ce632c7d4f9f40\node_modules\next\dist\compiled\@opentelemetry\api\index.js:1:7062)
    at ContextAPI.with (E:\2026 Desarrollo Web\freeboli\node_modules\.pnpm\next@14.2.18_@babel+core@7._932bbc8ded08490249ce632c7d4f9f40\node_modules\next\dist\compiled\@opentelemetry\api\index.js:1:518)
    at NoopTracer.startActiveSpan (E:\2026 Desarrollo Web\freeboli\node_modules\.pnpm\next@14.2.18_@babel+core@7._932bbc8ded08490249ce632c7d4f9f40\node_modules\next\dist\compiled\@opentelemetry\api\index.js:1:18093) {
  description: "Route /api/admin/prize-awards couldn't be rendered statically because it used `headers`. See more info here: https://nextjs.org/docs/messages/dynamic-server-error",
  digest: 'DYNAMIC_SERVER_USAGE'
}
bigint: Failed to load bindings, pure JS will be used (try npm run rebuild?)
   Generating static pages (46/93) 
[getAdminUser] Error: n [Error]: Dynamic server usage: Route /api/admin/bot/status couldn't be rendered statically because it used `headers`. See more info here: https://nextjs.org/docs/messages/dynamic-server-error
    at l (E:\2026 Desarrollo Web\freeboli\.next\server\chunks\2485.js:1:37155)
    at c (E:\2026 Desarrollo Web\freeboli\.next\server\chunks\1867.js:1:3920)
    at s (E:\2026 Desarrollo Web\freeboli\.next\server\chunks\448.js:25:20869)
    at u (E:\2026 Desarrollo Web\freeboli\.next\server\app\api\predictions\bet\route.js:1:10524)
    at p (E:\2026 Desarrollo Web\freeboli\.next\server\app\api\admin\bot\status\route.js:1:1560)
    at E:\2026 Desarrollo Web\freeboli\node_modules\.pnpm\next@14.2.18_@babel+core@7._932bbc8ded08490249ce632c7d4f9f40\node_modules\next\dist\compiled\next-server\app-route.runtime.prod.js:6:37016
    at E:\2026 Desarrollo Web\freeboli\node_modules\.pnpm\next@14.2.18_@babel+core@7._932bbc8ded08490249ce632c7d4f9f40\node_modules\next\dist\server\lib\trace\tracer.js:140:36
    at NoopContextManager.with (E:\2026 Desarrollo Web\freeboli\node_modules\.pnpm\next@14.2.18_@babel+core@7._932bbc8ded08490249ce632c7d4f9f40\node_modules\next\dist\compiled\@opentelemetry\api\index.js:1:7062)
    at ContextAPI.with (E:\2026 Desarrollo Web\freeboli\node_modules\.pnpm\next@14.2.18_@babel+core@7._932bbc8ded08490249ce632c7d4f9f40\node_modules\next\dist\compiled\@opentelemetry\api\index.js:1:518)
    at NoopTracer.startActiveSpan (E:\2026 Desarrollo Web\freeboli\node_modules\.pnpm\next@14.2.18_@babel+core@7._932bbc8ded08490249ce632c7d4f9f40\node_modules\next\dist\compiled\@opentelemetry\api\index.js:1:18093) {
  description: "Route /api/admin/bot/status couldn't be rendered statically because it used `headers`. See more info here: https://nextjs.org/docs/messages/dynamic-server-error",
  digest: 'DYNAMIC_SERVER_USAGE'
}
[getAdminUser] Error: n [Error]: Dynamic server usage: Route /api/admin/site-settings couldn't be rendered statically because it used `headers`. See more info here: https://nextjs.org/docs/messages/dynamic-server-error
    at l (E:\2026 Desarrollo Web\freeboli\.next\server\chunks\2485.js:1:37155)
    at c (E:\2026 Desarrollo Web\freeboli\.next\server\chunks\1867.js:1:3920)
    at s (E:\2026 Desarrollo Web\freeboli\.next\server\chunks\448.js:25:20869)
    at u (E:\2026 Desarrollo Web\freeboli\.next\server\app\api\admin\process-withdrawal\route.js:1:8478)
    at d (E:\2026 Desarrollo Web\freeboli\.next\server\app\api\admin\site-settings\route.js:1:1252)
    at E:\2026 Desarrollo Web\freeboli\node_modules\.pnpm\next@14.2.18_@babel+core@7._932bbc8ded08490249ce632c7d4f9f40\node_modules\next\dist\compiled\next-server\app-route.runtime.prod.js:6:37016
    at E:\2026 Desarrollo Web\freeboli\node_modules\.pnpm\next@14.2.18_@babel+core@7._932bbc8ded08490249ce632c7d4f9f40\node_modules\next\dist\server\lib\trace\tracer.js:140:36
    at NoopContextManager.with (E:\2026 Desarrollo Web\freeboli\node_modules\.pnpm\next@14.2.18_@babel+core@7._932bbc8ded08490249ce632c7d4f9f40\node_modules\next\dist\compiled\@opentelemetry\api\index.js:1:7062)
    at ContextAPI.with (E:\2026 Desarrollo Web\freeboli\node_modules\.pnpm\next@14.2.18_@babel+core@7._932bbc8ded08490249ce632c7d4f9f40\node_modules\next\dist\compiled\@opentelemetry\api\index.js:1:518)
    at NoopTracer.startActiveSpan (E:\2026 Desarrollo Web\freeboli\node_modules\.pnpm\next@14.2.18_@babel+core@7._932bbc8ded08490249ce632c7d4f9f40\node_modules\next\dist\compiled\@opentelemetry\api\index.js:1:18093) {
  description: "Route /api/admin/site-settings couldn't be rendered statically because it used `headers`. See more info here: https://nextjs.org/docs/messages/dynamic-server-error",
  digest: 'DYNAMIC_SERVER_USAGE'
}
[getAdminUser] Error: n [Error]: Dynamic server usage: Route /api/admin/reward-templates couldn't be rendered statically because it used `headers`. See more info here: https://nextjs.org/docs/messages/dynamic-server-error
    at l (E:\2026 Desarrollo Web\freeboli\.next\server\chunks\2485.js:1:37155)
    at c (E:\2026 Desarrollo Web\freeboli\.next\server\chunks\1867.js:1:3920)
    at s (E:\2026 Desarrollo Web\freeboli\.next\server\chunks\448.js:25:20869)
    at u (E:\2026 Desarrollo Web\freeboli\.next\server\app\api\admin\bot\settings\route.js:1:5575)
    at d (E:\2026 Desarrollo Web\freeboli\.next\server\app\api\admin\reward-templates\route.js:1:1241)
    at E:\2026 Desarrollo Web\freeboli\node_modules\.pnpm\next@14.2.18_@babel+core@7._932bbc8ded08490249ce632c7d4f9f40\node_modules\next\dist\compiled\next-server\app-route.runtime.prod.js:6:37016
    at E:\2026 Desarrollo Web\freeboli\node_modules\.pnpm\next@14.2.18_@babel+core@7._932bbc8ded08490249ce632c7d4f9f40\node_modules\next\dist\server\lib\trace\tracer.js:140:36
    at NoopContextManager.with (E:\2026 Desarrollo Web\freeboli\node_modules\.pnpm\next@14.2.18_@babel+core@7._932bbc8ded08490249ce632c7d4f9f40\node_modules\next\dist\compiled\@opentelemetry\api\index.js:1:7062)
    at ContextAPI.with (E:\2026 Desarrollo Web\freeboli\node_modules\.pnpm\next@14.2.18_@babel+core@7._932bbc8ded08490249ce632c7d4f9f40\node_modules\next\dist\compiled\@opentelemetry\api\index.js:1:518)
    at NoopTracer.startActiveSpan (E:\2026 Desarrollo Web\freeboli\node_modules\.pnpm\next@14.2.18_@babel+core@7._932bbc8ded08490249ce632c7d4f9f40\node_modules\next\dist\compiled\@opentelemetry\api\index.js:1:18093) {
  description: "Route /api/admin/reward-templates couldn't be rendered statically because it used `headers`. See more info here: https://nextjs.org/docs/messages/dynamic-server-error",
  digest: 'DYNAMIC_SERVER_USAGE'
}
bigint: Failed to load bindings, pure JS will be used (try npm run rebuild?)
   Generating static pages (69/93) 
bigint: Failed to load bindings, pure JS will be used (try npm run rebuild?)
bigint: Failed to load bindings, pure JS will be used (try npm run rebuild?)
[getAdminUser] Error: n [Error]: Dynamic server usage: Route /api/admin/wallet-balance couldn't be rendered statically because it used `headers`. See more info here: https://nextjs.org/docs/messages/dynamic-server-error
    at l (E:\2026 Desarrollo Web\freeboli\.next\server\chunks\2485.js:1:37155)
    at c (E:\2026 Desarrollo Web\freeboli\.next\server\chunks\1867.js:1:3920)
    at s (E:\2026 Desarrollo Web\freeboli\.next\server\chunks\448.js:25:20869)
    at d (E:\2026 Desarrollo Web\freeboli\.next\server\app\api\admin\support-tickets\route.js:1:6884)
    at c (E:\2026 Desarrollo Web\freeboli\.next\server\app\api\admin\wallet-balance\route.js:1:1541)
    at E:\2026 Desarrollo Web\freeboli\node_modules\.pnpm\next@14.2.18_@babel+core@7._932bbc8ded08490249ce632c7d4f9f40\node_modules\next\dist\compiled\next-server\app-route.runtime.prod.js:6:37016
    at E:\2026 Desarrollo Web\freeboli\node_modules\.pnpm\next@14.2.18_@babel+core@7._932bbc8ded08490249ce632c7d4f9f40\node_modules\next\dist\server\lib\trace\tracer.js:140:36
    at NoopContextManager.with (E:\2026 Desarrollo Web\freeboli\node_modules\.pnpm\next@14.2.18_@babel+core@7._932bbc8ded08490249ce632c7d4f9f40\node_modules\next\dist\compiled\@opentelemetry\api\index.js:1:7062)
    at ContextAPI.with (E:\2026 Desarrollo Web\freeboli\node_modules\.pnpm\next@14.2.18_@babel+core@7._932bbc8ded08490249ce632c7d4f9f40\node_modules\next\dist\compiled\@opentelemetry\api\index.js:1:518)
    at NoopTracer.startActiveSpan (E:\2026 Desarrollo Web\freeboli\node_modules\.pnpm\next@14.2.18_@babel+core@7._932bbc8ded08490249ce632c7d4f9f40\node_modules\next\dist\compiled\@opentelemetry\api\index.js:1:18093) {
  description: "Route /api/admin/wallet-balance couldn't be rendered statically because it used `headers`. See more info here: https://nextjs.org/docs/messages/dynamic-server-error",
  digest: 'DYNAMIC_SERVER_USAGE'
}
[getAdminUser] Error: n [Error]: Dynamic server usage: Route /api/admin/user-wallets couldn't be rendered statically because it used `headers`. See more info here: https://nextjs.org/docs/messages/dynamic-server-error
    at l (E:\2026 Desarrollo Web\freeboli\.next\server\chunks\2485.js:1:37155)
    at c (E:\2026 Desarrollo Web\freeboli\.next\server\chunks\1867.js:1:3920)
    at s (E:\2026 Desarrollo Web\freeboli\.next\server\chunks\448.js:25:20869)
    at u (E:\2026 Desarrollo Web\freeboli\.next\server\app\api\admin\security-events\route.js:1:6689)
    at m (E:\2026 Desarrollo Web\freeboli\.next\server\app\api\admin\user-wallets\route.js:1:1552)
    at E:\2026 Desarrollo Web\freeboli\node_modules\.pnpm\next@14.2.18_@babel+core@7._932bbc8ded08490249ce632c7d4f9f40\node_modules\next\dist\compiled\next-server\app-route.runtime.prod.js:6:37016
    at E:\2026 Desarrollo Web\freeboli\node_modules\.pnpm\next@14.2.18_@babel+core@7._932bbc8ded08490249ce632c7d4f9f40\node_modules\next\dist\server\lib\trace\tracer.js:140:36
    at NoopContextManager.with (E:\2026 Desarrollo Web\freeboli\node_modules\.pnpm\next@14.2.18_@babel+core@7._932bbc8ded08490249ce632c7d4f9f40\node_modules\next\dist\compiled\@opentelemetry\api\index.js:1:7062)
    at ContextAPI.with (E:\2026 Desarrollo Web\freeboli\node_modules\.pnpm\next@14.2.18_@babel+core@7._932bbc8ded08490249ce632c7d4f9f40\node_modules\next\dist\compiled\@opentelemetry\api\index.js:1:518)
    at NoopTracer.startActiveSpan (E:\2026 Desarrollo Web\freeboli\node_modules\.pnpm\next@14.2.18_@babel+core@7._932bbc8ded08490249ce632c7d4f9f40\node_modules\next\dist\compiled\@opentelemetry\api\index.js:1:18093) {
  description: "Route /api/admin/user-wallets couldn't be rendered statically because it used `headers`. See more info here: https://nextjs.org/docs/messages/dynamic-server-error",
  digest: 'DYNAMIC_SERVER_USAGE'
}
 Ô£ô Generating static pages (93/93)
   Finalizing page optimization ...
   Collecting build traces ...
 ÔÜá Failed to copy traced files for E:\2026 Desarrollo Web\freeboli\.next\server\pages\_app.js Error: EPERM: operation not permitted, symlink 'E:\2026 Desarrollo Web\freeboli\node_modules\.pnpm\react@18.3.1\node_modules\react' -> 'E:\2026 Desarrollo Web\freeboli\.next\standalone\node_modules\react'
    at async Object.symlink (node:internal/fs/promises:1009:10)
    at async E:\2026 Desarrollo Web\freeboli\node_modules\.pnpm\next@14.2.18_@babel+core@7._932bbc8ded08490249ce632c7d4f9f40\node_modules\next\dist\build\utils.js:1399:25
    at async Promise.all (index 8)
    at async handleTraceFiles (E:\2026 Desarrollo Web\freeboli\node_modules\.pnpm\next@14.2.18_@babel+core@7._932bbc8ded08490249ce632c7d4f9f40\node_modules\next\dist\build\utils.js:1387:9)
    at async copyTracedFiles (E:\2026 Desarrollo Web\freeboli\node_modules\.pnpm\next@14.2.18_@babel+core@7._932bbc8ded08490249ce632c7d4f9f40\node_modules\next\dist\build\utils.js:1448:9)
    at async E:\2026 Desarrollo Web\freeboli\node_modules\.pnpm\next@14.2.18_@babel+core@7._932bbc8ded08490249ce632c7d4f9f40\node_modules\next\dist\build\index.js:223:9
    at async Span.traceAsyncFn (E:\2026 Desarrollo Web\freeboli\node_modules\.pnpm\next@14.2.18_@babel+core@7._932bbc8ded08490249ce632c7d4f9f40\node_modules\next\dist\trace\trace.js:154:20)
    at async writeStandaloneDirectory (E:\2026 Desarrollo Web\freeboli\node_modules\.pnpm\next@14.2.18_@babel+core@7._932bbc8ded08490249ce632c7d4f9f40\node_modules\next\dist\build\index.js:222:5)
    at async E:\2026 Desarrollo Web\freeboli\node_modules\.pnpm\next@14.2.18_@babel+core@7._932bbc8ded08490249ce632c7d4f9f40\node_modules\next\dist\build\index.js:2139:17
    at async Span.traceAsyncFn (E:\2026 Desarrollo Web\freeboli\node_modules\.pnpm\next@14.2.18_@babel+core@7._932bbc8ded08490249ce632c7d4f9f40\node_modules\next\dist\trace\trace.js:154:20) {
  errno: -4048,
  code: 'EPERM',
  syscall: 'symlink',
  path: 'E:\\2026 Desarrollo Web\\freeboli\\node_modules\\.pnpm\\react@18.3.1\\node_modules\\react',
  dest: 'E:\\2026 Desarrollo Web\\freeboli\\.next\\standalone\\node_modules\\react'
}
 ÔÜá Failed to copy traced files for E:\2026 Desarrollo Web\freeboli\.next\server\pages\_error.js Error: EPERM: operation not permitted, symlink 'E:\2026 Desarrollo Web\freeboli\node_modules\.pnpm\react@18.3.1\node_modules\react' -> 'E:\2026 Desarrollo Web\freeboli\.next\standalone\node_modules\.pnpm\next@14.2.18_@babel+core@7._932bbc8ded08490249ce632c7d4f9f40\node_modules\react'
    at async Object.symlink (node:internal/fs/promises:1009:10)
    at async E:\2026 Desarrollo Web\freeboli\node_modules\.pnpm\next@14.2.18_@babel+core@7._932bbc8ded08490249ce632c7d4f9f40\node_modules\next\dist\build\utils.js:1399:25
    at async Promise.all (index 13)
    at async handleTraceFiles (E:\2026 Desarrollo Web\freeboli\node_modules\.pnpm\next@14.2.18_@babel+core@7._932bbc8ded08490249ce632c7d4f9f40\node_modules\next\dist\build\utils.js:1387:9)
    at async copyTracedFiles (E:\2026 Desarrollo Web\freeboli\node_modules\.pnpm\next@14.2.18_@babel+core@7._932bbc8ded08490249ce632c7d4f9f40\node_modules\next\dist\build\utils.js:1448:9)
    at async E:\2026 Desarrollo Web\freeboli\node_modules\.pnpm\next@14.2.18_@babel+core@7._932bbc8ded08490249ce632c7d4f9f40\node_modules\next\dist\build\index.js:223:9
    at async Span.traceAsyncFn (E:\2026 Desarrollo Web\freeboli\node_modules\.pnpm\next@14.2.18_@babel+core@7._932bbc8ded08490249ce632c7d4f9f40\node_modules\next\dist\trace\trace.js:154:20)
    at async writeStandaloneDirectory (E:\2026 Desarrollo Web\freeboli\node_modules\.pnpm\next@14.2.18_@babel+core@7._932bbc8ded08490249ce632c7d4f9f40\node_modules\next\dist\build\index.js:222:5)
    at async E:\2026 Desarrollo Web\freeboli\node_modules\.pnpm\next@14.2.18_@babel+core@7._932bbc8ded08490249ce632c7d4f9f40\node_modules\next\dist\build\index.js:2139:17
    at async Span.traceAsyncFn (E:\2026 Desarrollo Web\freeboli\node_modules\.pnpm\next@14.2.18_@babel+core@7._932bbc8ded08490249ce632c7d4f9f40\node_modules\next\dist\trace\trace.js:154:20) {
  errno: -4048,
  code: 'EPERM',
  syscall: 'symlink',
  path: 'E:\\2026 Desarrollo Web\\freeboli\\node_modules\\.pnpm\\react@18.3.1\\node_modules\\react',
  dest: 'E:\\2026 Desarrollo Web\\freeboli\\.next\\standalone\\node_modules\\.pnpm\\next@14.2.18_@babel+core@7._932bbc8ded08490249ce632c7d4f9f40\\node_modules\\react'
}
 ÔÜá Failed to copy traced files for E:\2026 Desarrollo Web\freeboli\.next\server\pages\_document.js Error: EPERM: operation not permitted, symlink 'E:\2026 Desarrollo Web\freeboli\node_modules\.pnpm\next@14.2.18_@babel+core@7._932bbc8ded08490249ce632c7d4f9f40\node_modules\next' -> 'E:\2026 Desarrollo Web\freeboli\.next\standalone\node_modules\next'
    at async Object.symlink (node:internal/fs/promises:1009:10)
    at async E:\2026 Desarrollo Web\freeboli\node_modules\.pnpm\next@14.2.18_@babel+core@7._932bbc8ded08490249ce632c7d4f9f40\node_modules\next\dist\build\utils.js:1399:25
    at async Promise.all (index 36)
    at async handleTraceFiles (E:\2026 Desarrollo Web\freeboli\node_modules\.pnpm\next@14.2.18_@babel+core@7._932bbc8ded08490249ce632c7d4f9f40\node_modules\next\dist\build\utils.js:1387:9)
    at async copyTracedFiles (E:\2026 Desarrollo Web\freeboli\node_modules\.pnpm\next@14.2.18_@babel+core@7._932bbc8ded08490249ce632c7d4f9f40\node_modules\next\dist\build\utils.js:1448:9)
    at async E:\2026 Desarrollo Web\freeboli\node_modules\.pnpm\next@14.2.18_@babel+core@7._932bbc8ded08490249ce632c7d4f9f40\node_modules\next\dist\build\index.js:223:9
    at async Span.traceAsyncFn (E:\2026 Desarrollo Web\freeboli\node_modules\.pnpm\next@14.2.18_@babel+core@7._932bbc8ded08490249ce632c7d4f9f40\node_modules\next\dist\trace\trace.js:154:20)
    at async writeStandaloneDirectory (E:\2026 Desarrollo Web\freeboli\node_modules\.pnpm\next@14.2.18_@babel+core@7._932bbc8ded08490249ce632c7d4f9f40\node_modules\next\dist\build\index.js:222:5)
    at async E:\2026 Desarrollo Web\freeboli\node_modules\.pnpm\next@14.2.18_@babel+core@7._932bbc8ded08490249ce632c7d4f9f40\node_modules\next\dist\build\index.js:2139:17
    at async Span.traceAsyncFn (E:\2026 Desarrollo Web\freeboli\node_modules\.pnpm\next@14.2.18_@babel+core@7._932bbc8ded08490249ce632c7d4f9f40\node_modules\next\dist\trace\trace.js:154:20) {
  errno: -4048,
  code: 'EPERM',
  syscall: 'symlink',
  path: 'E:\\2026 Desarrollo Web\\freeboli\\node_modules\\.pnpm\\next@14.2.18_@babel+core@7._932bbc8ded08490249ce632c7d4f9f40\\node_modules\\next',
  dest: 'E:\\2026 Desarrollo Web\\freeboli\\.next\\standalone\\node_modules\\next'
}

> Build error occurred
Error: EPERM: operation not permitted, symlink 'E:\2026 Desarrollo Web\freeboli\node_modules\.pnpm\@next+env@14.2.18\node_modules\@next\env' -> 'E:\2026 Desarrollo Web\freeboli\.next\standalone\node_modules\.pnpm\next@14.2.18_@babel+core@7._932bbc8ded08490249ce632c7d4f9f40\node_modules\@next\env'
    at async Object.symlink (node:internal/fs/promises:1009:10)
    at async E:\2026 Desarrollo Web\freeboli\node_modules\.pnpm\next@14.2.18_@babel+core@7._932bbc8ded08490249ce632c7d4f9f40\node_modules\next\dist\build\utils.js:1399:25
    at async Promise.all (index 86)
    at async handleTraceFiles (E:\2026 Desarrollo Web\freeboli\node_modules\.pnpm\next@14.2.18_@babel+core@7._932bbc8ded08490249ce632c7d4f9f40\node_modules\next\dist\build\utils.js:1387:9)
    at async copyTracedFiles (E:\2026 Desarrollo Web\freeboli\node_modules\.pnpm\next@14.2.18_@babel+core@7._932bbc8ded08490249ce632c7d4f9f40\node_modules\next\dist\build\utils.js:1469:5)
    at async E:\2026 Desarrollo Web\freeboli\node_modules\.pnpm\next@14.2.18_@babel+core@7._932bbc8ded08490249ce632c7d4f9f40\node_modules\next\dist\build\index.js:223:9
    at async Span.traceAsyncFn (E:\2026 Desarrollo Web\freeboli\node_modules\.pnpm\next@14.2.18_@babel+core@7._932bbc8ded08490249ce632c7d4f9f40\node_modules\next\dist\trace\trace.js:154:20)
    at async writeStandaloneDirectory (E:\2026 Desarrollo Web\freeboli\node_modules\.pnpm\next@14.2.18_@babel+core@7._932bbc8ded08490249ce632c7d4f9f40\node_modules\next\dist\build\index.js:222:5)
    at async E:\2026 Desarrollo Web\freeboli\node_modules\.pnpm\next@14.2.18_@babel+core@7._932bbc8ded08490249ce632c7d4f9f40\node_modules\next\dist\build\index.js:2139:17
    at async Span.traceAsyncFn (E:\2026 Desarrollo Web\freeboli\node_modules\.pnpm\next@14.2.18_@babel+core@7._932bbc8ded08490249ce632c7d4f9f40\node_modules\next\dist\trace\trace.js:154:20) {
  errno: -4048,
  code: 'EPERM',
  syscall: 'symlink',
  path: 'E:\\2026 Desarrollo Web\\freeboli\\node_modules\\.pnpm\\@next+env@14.2.18\\node_modules\\@next\\env',
  dest: 'E:\\2026 Desarrollo Web\\freeboli\\.next\\standalone\\node_modules\\.pnpm\\next@14.2.18_@babel+core@7._932bbc8ded08490249ce632c7d4f9f40\\node_modules\\@next\\env'
}
